06-27 10:31:13.616: W/Genie(1328): Cache file not found: java.io.FileNotFoundException: /data/data/com.google.android.apps.genie.geniewidget/files/genie_iconcache (No such file or directory)
06-27 10:31:13.827: D/Genie(1328): onRedrawComplete, no data so requesting refresh. Model: NEW: showing news 0 of 0 [no weather]
06-27 10:31:13.874: D/NetworkLocationProvider(1096): onDataConnectionStateChanged 2
06-27 10:31:13.913: I/ActivityManager(1096): Start proc com.google.android.googlequicksearchbox for broadcast com.google.android.googlequicksearchbox/.SearchWidgetProvider: pid=1340 uid=10021 gids={3003}
06-27 10:31:14.007: D/dalvikvm(1012): GC_EXPLICIT freed 277 objects / 10528 bytes in 90ms
06-27 10:31:14.046: D/dalvikvm(1012): GC_EXPLICIT freed 42 objects / 1832 bytes in 38ms
06-27 10:31:14.092: D/dalvikvm(1012): GC_EXPLICIT freed 2 objects / 64 bytes in 43ms
06-27 10:31:14.163: D/NetworkLocationProvider(1096): onDataConnectionStateChanged 2
06-27 10:31:14.210: W/ActivityManager(1096): Activity idle timeout for HistoryRecord{449536b8 com.android.launcher/com.android.launcher2.Launcher}
06-27 10:31:14.217: D/PowerManagerService(1096): bootCompleted
06-27 10:31:14.233: I/ActivityThread(1340): Publishing provider com.google.android.googlequicksearchbox.shortcuts: com.google.android.googlequicksearchbox.ShortcutsProvider
06-27 10:31:14.241: I/ActivityThread(1340): Publishing provider com.google.android.googlequicksearchbox.google: com.google.android.googlequicksearchbox.google.GoogleSuggestionProvider
06-27 10:31:14.342: D/GoogleLoginService(1214): onBind: Intent { act=android.accounts.AccountAuthenticator cmp=com.google.android.gsf/.loginservice.GoogleLoginService }
06-27 10:31:14.342: W/GoogleLoginService(1214): Device has no accounts: sending Intent { act=com.google.android.gsf.LOGIN_ACCOUNTS_MISSING }
06-27 10:31:14.421: I/ActivityManager(1096): Start proc com.google.android.music for broadcast com.google.android.music/com.android.music.MediaAppWidgetProvider: pid=1350 uid=10019 gids={3003, 1015}
06-27 10:31:14.428: D/Genie(1328): No last fix, requesting location fix...
06-27 10:31:14.530: I/Launcher.Model(1179): not binding apps: no Launcher activity
06-27 10:31:14.592: D/Tethering(1096): sendTetherStateChangedBroadcast 1, 0, 0
06-27 10:31:14.592: D/Tethering(1096): interfaceAdded :usb0
06-27 10:31:14.616: D/VoldCmdListener(1008): volume mount /mnt/sdcard
06-27 10:31:14.616: I/Vold(1008): /dev/block/vold/179:1 being considered for volume sdcard
06-27 10:31:14.616: D/Vold(1008): Volume sdcard state changing 1 (Idle-Unmounted) -> 3 (Checking)
06-27 10:31:14.655: I/StorageNotification(1096): Media {/mnt/sdcard} state changed from {unmounted} -> {checking}
06-27 10:31:14.764: I/SearchManagerService(1096): Building list of searchable activities
06-27 10:31:14.850: D/dalvikvm(1179): GC_EXPLICIT freed 2712 objects / 144184 bytes in 321ms
06-27 10:31:14.866: I//system/bin/fsck_msdos(1008): ** /dev/block/vold/179:1
06-27 10:31:14.874: I//system/bin/fsck_msdos(1008): ** Phase 1 - Read and Compare FATs
06-27 10:31:14.874: I//system/bin/fsck_msdos(1008): Attempting to allocate 121 KB for FAT
06-27 10:31:15.405: I//system/bin/fsck_msdos(1008): Attempting to allocate 121 KB for FAT
06-27 10:31:15.428: I//system/bin/fsck_msdos(1008): ** Phase 2 - Check Cluster Chains
06-27 10:31:15.436: I//system/bin/fsck_msdos(1008): ** Phase 3 - Checking Directories
06-27 10:31:15.467: D/Genie(1328): onRedrawComplete, no data so requesting refresh. Model: NEW: showing news 0 of 0 [no weather]
06-27 10:31:15.475: D/AlarmManagerService(1096): Kernel timezone updated to 300 minutes west of GMT
06-27 10:31:15.538: D/OtaUtils(1177): min_string: 0000001727
06-27 10:31:15.538: D/OtaUtils(1177): phoneNeedsActivation is set to true
06-27 10:31:15.538: D/OtaUtils(1177): otaShowActivationScreen: 1
06-27 10:31:15.546: I/ActivityManager(1096): Starting activity: Intent { act=com.android.phone.InCallScreen.SHOW_ACTIVATION flg=0x10000000 cmp=com.android.phone/.InCallScreen }
06-27 10:31:15.553: D/MobileDataStateTracker(1096): default Received state= DISCONNECTED, old= DISCONNECTED, reason= (unspecified), apnTypeList= default
06-27 10:31:15.577: D/OtaUtils(1177): activation intent sent.
06-27 10:31:15.710: I/EasBootReceiver(1231): Start Wipe
06-27 10:31:15.717: I/RecoverySystem(1096): No recovery log file
06-27 10:31:15.882: I/ActivityManager(1096): Start proc com.android.bluetooth for broadcast com.android.bluetooth/.opp.BluetoothOppReceiver: pid=1365 uid=10011 gids={3003, 3002, 3001, 1015}
06-27 10:31:16.061: I/ActivityThread(1365): Publishing provider com.android.bluetooth.opp: com.android.bluetooth.opp.BluetoothOppProvider
06-27 10:31:16.092: D/dalvikvm(1177): GC_FOR_MALLOC freed 7560 objects / 454488 bytes in 95ms
06-27 10:31:16.155: I/ActivityManager(1096): Start proc com.android.mms for broadcast com.android.mms/.transaction.MmsSystemEventReceiver: pid=1371 uid=10012 gids={3003, 1015}
06-27 10:31:16.421: D/dalvikvm(1177): GC_EXTERNAL_ALLOC freed 1602 objects / 102616 bytes in 144ms
06-27 10:31:16.436: I/ActivityThread(1371): Publishing provider com.android.mms.SuggestionsProvider: com.android.mms.SuggestionsProvider
06-27 10:31:16.780: D/dalvikvm(1177): GC_EXTERNAL_ALLOC freed 549 objects / 31488 bytes in 58ms
06-27 10:31:16.913: W/ResourceType(1177): getEntry failing because entryIndex 65 is beyond type entryCount 1
06-27 10:31:17.022: D/GooglePartnerSetup(1296): GooglePartnerSetup.onReceive
06-27 10:31:17.069: D/GooglePartnerSetup(1296): client_id set to: android-verizon
06-27 10:31:17.077: D/GooglePartnerSetup(1296): maps client id: gmm-android-verizon
06-27 10:31:17.100: D/GooglePartnerSetup(1296): youtube client id: mvapp-android-verizon
06-27 10:31:17.124: D/GooglePartnerSetup(1296): market client id: am-android-verizon
06-27 10:31:17.132: D/GooglePartnerSetup(1296): voicesearch client id: ms-android-verizon
06-27 10:31:17.132: D/GooglePartnerSetup(1296): GooglePartnerSetup: Partner data is current.No need to run - printing clientids FYI
06-27 10:31:17.147: D/GooglePartnerSetup(1296): client_id set to: android-verizon
06-27 10:31:17.163: D/GooglePartnerSetup(1296): maps client id: gmm-android-verizon
06-27 10:31:17.178: D/GooglePartnerSetup(1296): youtube client id: mvapp-android-verizon
06-27 10:31:17.194: D/GooglePartnerSetup(1296): market client id: am-android-verizon
06-27 10:31:17.210: D/GooglePartnerSetup(1296): voicesearch client id: ms-android-verizon
06-27 10:31:17.327: D/OtaUtils(1177): Enter OtaUtil constructor
06-27 10:31:17.413: D/OtaUtils(1177): readXmlSettings()...
06-27 10:31:17.413: D/OtaUtils(1177): readXmlSettings(), otaShowActivationScreen1
06-27 10:31:17.413: D/OtaUtils(1177): readXmlSettings(), otaShowListeningScreen1
06-27 10:31:17.413: D/OtaUtils(1177): readXmlSettings(), otaShowActivateFailTimes3
06-27 10:31:17.413: D/OtaUtils(1177): readXmlSettings(), otaPlaySuccessFailureTone1
06-27 10:31:17.413: D/OtaUtils(1177): initOtaInCallScreen()...
06-27 10:31:17.413: D/OtaUtils(1177): setCdmaOtaInCallScreenState: NORMAL
06-27 10:31:17.428: D/OtaUtils(1177): getCdmaOtaInCallScreenState: NORMAL
06-27 10:31:17.428: D/OtaUtils(1177): setCdmaOtaInCallScreenState: NORMAL
06-27 10:31:17.428: D/OtaUtils(1177): otaShowProperScreen()...
06-27 10:31:17.428: D/OtaUtils(1177): otaShowProperScreen(), OTA is foreground activity, currentstate =OTA_STATUS_ACTIVATION
06-27 10:31:17.428: D/OtaUtils(1177): OtaShowActivationScreen()...
06-27 10:31:17.428: D/OtaUtils(1177): OtaShowActivationScreen(): show activation screen
06-27 10:31:17.428: D/OtaUtils(1177): OtaScreenInitialize()...
06-27 10:31:17.452: D/OtaUtils(1177): otaShowProperScreen()...
06-27 10:31:17.452: D/OtaUtils(1177): otaShowProperScreen(), OTA is foreground activity, currentstate =OTA_STATUS_ACTIVATION
06-27 10:31:17.452: D/OtaUtils(1177): OtaShowActivationScreen()...
06-27 10:31:17.452: D/OtaUtils(1177): OtaShowActivationScreen(): show activation screen
06-27 10:31:17.452: D/OtaUtils(1177): OtaScreenInitialize()...
06-27 10:31:17.514: W/WindowManager(1096): Layout repeat skipped after too many iterations
06-27 10:31:17.514: W/WindowManager(1096): Layout repeat skipped after too many iterations
06-27 10:31:17.514: W/WindowManager(1096): Layout repeat skipped after too many iterations
06-27 10:31:17.522: W/WindowManager(1096): Animation repeat aborted after too many iterations
06-27 10:31:17.655: I/ActivityManager(1096): Displayed activity com.android.phone/.InCallScreen: 1710 ms (total 15112 ms)
06-27 10:31:17.671: I/SurfaceFlinger(1096): Boot is finished (22575 ms)
06-27 10:31:17.936: I/ActivityManager(1096): Displayed activity com.android.launcher/com.android.launcher2.Launcher: 15398 ms (total 15398 ms)
06-27 10:31:17.991: I//system/bin/fsck_msdos(1008): ** Phase 4 - Checking for Lost Files
06-27 10:31:18.014: I//system/bin/fsck_msdos(1008): 110 files, 973728 free (60858 clusters)
06-27 10:31:18.038: I/logwrapper(1008): /system/bin/fsck_msdos terminated by exit(0)
06-27 10:31:18.038: I/Vold(1008): Filesystem check completed OK
06-27 10:31:18.116: I/Vold(1008): Device /dev/block/vold/179:1, target /mnt/sdcard mounted @ /mnt/secure/staging
06-27 10:31:18.124: I/PackageManager(1096): Updating external media status from unmounted to mounted
06-27 10:31:18.124: D/Vold(1008): Volume sdcard state changing 3 (Checking) -> 4 (Mounted)
06-27 10:31:18.132: I/StorageNotification(1096): Media {/mnt/sdcard} state changed from {checking} -> {mounted}
06-27 10:31:18.671: D/dalvikvm(1179): GC_FOR_MALLOC freed 8899 objects / 424664 bytes in 154ms
06-27 10:31:18.702: D/MediaScannerService(1258): start scanning volume internal
06-27 10:31:18.967: D/dalvikvm(1179): GC_EXTERNAL_ALLOC freed 487 objects / 24384 bytes in 104ms
06-27 10:31:19.022: D/VoldCmdListener(1008): asec list
06-27 10:31:19.139: I/PackageManager(1096): No secure containers on sdcard
06-27 10:31:19.257: W/PackageManager(1096): Unknown permission android.permission.ADD_SYSTEM_SERVICE in package com.android.phone
06-27 10:31:19.264: W/PackageManager(1096): Unknown permission com.google.android.providers.gmail.permission.WRITE_GMAIL in package com.qo.android.gep
06-27 10:31:19.264: W/PackageManager(1096): Unknown permission com.google.android.providers.gmail.permission.READ_GMAIL in package com.qo.android.gep
06-27 10:31:19.264: W/PackageManager(1096): Unknown permission android.permission.ADD_SYSTEM_SERVICE in package com.motorola.hiddenmenu
06-27 10:31:19.272: W/PackageManager(1096): Not granting permission android.permission.SEND_DOWNLOAD_COMPLETED_INTENTS to package com.android.browser (protectionLevel=2 flags=0x1be45)
06-27 10:31:19.280: W/PackageManager(1096): Not granting permission android.permission.DEVICE_POWER to package com.google.android.deskclock (protectionLevel=2 flags=0xbe45)
06-27 10:31:19.280: W/PackageManager(1096): Unknown permission com.google.android.voicesearch.SHORTCUTS_ACCESS in package com.google.android.googlequicksearchbox
06-27 10:31:19.288: W/PackageManager(1096): Not granting permission android.permission.SEND_DOWNLOAD_COMPLETED_INTENTS to package com.android.vending (protectionLevel=2 flags=0x2be05)
06-27 10:31:19.288: W/PackageManager(1096): Unknown permission android.permission.SEND in package com.android.vending
06-27 10:31:19.288: W/PackageManager(1096): Unknown permission android.permission.DIAL in package com.motorola.calendar
06-27 10:31:19.288: W/PackageManager(1096): Unknown permission com.google.android.voicesearch.AUDIO_FILE_ACCESS in package com.google.android.gm
06-27 10:31:19.296: W/PackageManager(1096): Unknown permission com.android.providers.im.permission.READ_ONLY in package com.google.android.apps.maps
06-27 10:31:19.553: D/dalvikvm(1096): GC_FOR_MALLOC freed 16268 objects / 769272 bytes in 103ms
06-27 10:31:19.678: D/NetworkLocationProvider(1096): onDataConnectionStateChanged 2
06-27 10:31:19.772: D/NetworkLocationProvider(1096): onDataConnectionStateChanged 2
06-27 10:31:19.889: I/ActivityManager(1096): Starting activity: Intent { flg=0x10000000 cmp=com.google.android.gsf/.update.SystemUpdateInstallDialog }
06-27 10:31:19.991: D/PhoneWindow(1177): couldn't save which view has focus because the focused view android.widget.ScrollView@44753980 has no id.
06-27 10:31:20.006: I/GTalkService(1214): [ServiceAutoStarter] --- received boot intent broadcast
06-27 10:31:20.038: I/ActivityManager(1096): Start proc com.android.providers.calendar for broadcast com.android.providers.calendar/.CalendarReceiver: pid=1397 uid=10031 gids={3003}
06-27 10:31:20.139: D/NetworkLocationProvider(1096): onDataConnectionStateChanged 2
06-27 10:31:20.311: I/ActivityThread(1397): Publishing provider com.android.calendar: com.android.providers.calendar.CalendarProvider2
06-27 10:31:20.421: D/dalvikvm(1214): GC_FOR_MALLOC freed 3691 objects / 383296 bytes in 112ms
06-27 10:31:20.460: W/InputManagerService(1096): Window already focused, ignoring focus gain of: com.android.internal.view.IInputMethodClient$Stub$Proxy@447a8e70
06-27 10:31:20.499: D/OtaUtils(1177): getCdmaOtaInCallScreenState: NORMAL
06-27 10:31:20.499: D/OtaUtils(1177): setCdmaOtaInCallScreenState: NORMAL
06-27 10:31:20.499: D/StatusBar(1096): DISABLE_EXPAND: yes
06-27 10:31:20.507: D/OtaUtils(1177): otaShowProperScreen()...
06-27 10:31:20.507: D/OtaUtils(1177): otaShowProperScreen(), OTA is foreground activity, currentstate =OTA_STATUS_ACTIVATION
06-27 10:31:20.507: D/OtaUtils(1177): OtaShowActivationScreen()...
06-27 10:31:20.507: D/OtaUtils(1177): OtaShowActivationScreen(): show activation screen
06-27 10:31:20.507: D/OtaUtils(1177): OtaScreenInitialize()...
06-27 10:31:20.522: D/OtaUtils(1177): otaShowProperScreen()...
06-27 10:31:20.522: D/OtaUtils(1177): otaShowProperScreen(), OTA is foreground activity, currentstate =OTA_STATUS_ACTIVATION
06-27 10:31:20.522: D/OtaUtils(1177): OtaShowActivationScreen()...
06-27 10:31:20.522: D/OtaUtils(1177): OtaShowActivationScreen(): show activation screen
06-27 10:31:20.522: D/OtaUtils(1177): OtaScreenInitialize()...
06-27 10:31:20.585: I/ActivityManager(1096): Start proc com.google.android.email for broadcast com.google.android.email/com.android.exchange.BootReceiver: pid=1406 uid=10033 gids={3003, 1015}
06-27 10:31:20.733: I/ActivityThread(1406): Publishing provider com.android.exchange.provider: com.android.exchange.provider.ExchangeProvider
06-27 10:31:20.741: I/ActivityThread(1406): Publishing provider com.android.email.attachmentprovider: com.android.email.provider.AttachmentProvider
06-27 10:31:20.749: I/ActivityThread(1406): Publishing provider com.android.email.provider: com.android.email.provider.EmailProvider
06-27 10:31:20.803: D/Exchange(1406): BootReceiver onReceive
06-27 10:31:20.819: D/EAS SyncManager(1406): !!! EAS SyncManager, onCreate
06-27 10:31:20.866: I/ActivityManager(1096): Start proc com.android.voicedialer for broadcast com.android.voicedialer/.VoiceDialerReceiver: pid=1416 uid=10053 gids={3002}
06-27 10:31:21.053: D/EAS SyncManager(1406): !!! EAS SyncManager, onStartCommand
06-27 10:31:21.069: D/GoogleLoginService(1214): onBind: Intent { act=android.accounts.AccountAuthenticator cmp=com.google.android.gsf/.loginservice.GoogleLoginService }
06-27 10:31:21.077: W/GoogleLoginService(1214): Device has no accounts: sending Intent { act=com.google.android.gsf.LOGIN_ACCOUNTS_MISSING }
06-27 10:31:21.100: D/EAS SyncManager(1406): !!! EAS SyncManager, stopping self
06-27 10:31:21.139: D/VoiceDialerReceiver(1416): onReceive Intent { act=android.intent.action.BOOT_COMPLETED cmp=com.android.voicedialer/.VoiceDialerReceiver }
06-27 10:31:21.139: V/RecognizerEngine(1416): deleteCachedGrammarFiles /data/data/com.android.voicedialer/files/openentries.txt
06-27 10:31:21.155: I/ActivityManager(1096): Start proc com.google.android.apps.maps:FriendService for broadcast com.google.android.apps.maps/com.google.googlenav.friend.android.ServiceReceiver: pid=1426 uid=10055 gids={3003, 1015}
06-27 10:31:21.155: I/ActivityManager(1096): No longer want com.android.settings (pid 1181): hidden #16
06-27 10:31:21.905: I/ActivityManager(1096): No longer want com.android.protips (pid 1322): hidden #16
06-27 10:31:21.999: D/dalvikvm(1328): GC_FOR_MALLOC freed 3136 objects / 243600 bytes in 50ms
06-27 10:31:22.108: D/Eas Debug(1406): Logging: 
06-27 10:31:22.116: D/Genie(1328): onRedrawComplete, no data so requesting refresh. Model: NEW: showing news 0 of 0 [no weather]
06-27 10:31:22.139: D/EAS SyncManager(1406): !!! EAS SyncManager, onDestroy
06-27 10:31:22.257: I/ActivityManager(1096): Start proc com.android.protips for broadcast com.android.protips/.ProtipWidget: pid=1435 uid=10054 gids={}
06-27 10:31:22.483: I/ActivityManager(1096): No longer want android.process.acore (pid 1224): hidden #16
06-27 10:31:22.530: D/Calendar(1397): missed alarms found: 0
06-27 10:31:22.671: D/dalvikvm(1179): GC_EXPLICIT freed 8802 objects / 430184 bytes in 102ms
06-27 10:31:22.710: D/MediaScanner(1258):  prescan time: 2459ms
06-27 10:31:22.710: D/MediaScanner(1258):     scan time: 70ms
06-27 10:31:22.710: D/MediaScanner(1258): postscan time: 1ms
06-27 10:31:22.710: D/MediaScanner(1258):    total time: 2530ms
06-27 10:31:22.717: D/MediaScannerService(1258): done scanning volume internal
06-27 10:31:22.725: I/ActivityManager(1096): No longer want com.google.android.apps.uploader (pid 1266): hidden #16
06-27 10:31:22.788: I/ActivityManager(1096): No longer want com.amazon.mp3 (pid 1279): hidden #16
06-27 10:31:23.991: I/ActivityManager(1096): Start proc com.google.android.apps.uploader for broadcast com.google.android.apps.uploader/.ConnectivityBroadcastReceiver: pid=1441 uid=10035 gids={3003}
06-27 10:31:24.069: I/ActivityThread(1441): Publishing provider com.google.android.apps.uploader: com.google.android.apps.uploader.UploadsContentProvider
06-27 10:31:24.085: I/ActivityThread(1441): Publishing provider com.google.photos.provider.Album: com.google.android.apps.uploader.clients.picasa.AlbumProvider
06-27 10:31:24.092: D/MediaUploader(1441): UploaderApplication.onCreate
06-27 10:31:24.108: D/MediaUploader(1441): nonWifiLimit=20971520, default=20971520
06-27 10:31:24.116: I/MediaUploader(1441): No need to wake up
06-27 10:31:24.124: I/ActivityManager(1096): Start proc com.google.android.gallery3d for broadcast com.google.android.gallery3d/com.cooliris.cache.BootReceiver: pid=1451 uid=10039 gids={1015, 3003}
06-27 10:31:24.124: I/ActivityManager(1096): No longer want com.motorola.calendar (pid 1231): hidden #16
06-27 10:31:24.186: I/ActivityThread(1451): Publishing provider com.cooliris.picasa.contentprovider: com.cooliris.picasa.PicasaContentProvider
06-27 10:31:24.507: I/BootReceiver(1451): Got intent with action android.intent.action.MEDIA_MOUNTED
06-27 10:31:24.522: I/BootReceiver(1451): Got intent with action android.intent.action.MEDIA_SCANNER_FINISHED
06-27 10:31:24.522: I/ActivityManager(1096): No longer want com.android.bluetooth (pid 1365): hidden #16
06-27 10:31:24.577: D/Genie(1328): Request location failed, requesting data without location.
06-27 10:31:24.577: D/Genie(1328): Requesting data...
06-27 10:31:24.772: D/TIOMX_CORE(1013): init count = 1
06-27 10:31:24.788: D/omx_interface(1013): TIOMXInterface: creating interface
06-27 10:31:24.788: D/omx_interface(1013): Calling DLOPEN on OMX_CORE_LIBRARY (libOMX_Core.so)
06-27 10:31:24.788: D/omx_interface(1013): DLOPEN SUCCEEDED (libOMX_Core.so)
06-27 10:31:24.788: D/omx_interface(1013): TIOMXInterface: library lookup success
06-27 10:31:24.796: D/TIOMX_CORE(1013): init count = 2
06-27 10:31:24.796: E/(1013): A component of name 'OMX.TI.JPEG.Encoder' already exists, ignoring this one.
06-27 10:31:24.796: E/(1013): A component of name 'OMX.TI.Video.Decoder' already exists, ignoring this one.
06-27 10:31:24.796: E/(1013): A component of name 'OMX.TI.Video.encoder' already exists, ignoring this one.
06-27 10:31:24.796: E/(1013): A component of name 'OMX.TI.MP3.decode' already exists, ignoring this one.
06-27 10:31:24.796: E/(1013): A component of name 'OMX.TI.AAC.encode' already exists, ignoring this one.
06-27 10:31:24.796: E/(1013): A component of name 'OMX.TI.AAC.decode' already exists, ignoring this one.
06-27 10:31:24.796: E/(1013): A component of name 'OMX.TI.WMA.decode' already exists, ignoring this one.
06-27 10:31:24.796: E/(1013): A component of name 'OMX.TI.WBAMR.decode' already exists, ignoring this one.
06-27 10:31:24.796: E/(1013): A component of name 'OMX.TI.AMR.decode' already exists, ignoring this one.
06-27 10:31:24.796: E/(1013): A component of name 'OMX.TI.AMR.encode' already exists, ignoring this one.
06-27 10:31:24.796: E/(1013): A component of name 'OMX.TI.WBAMR.encode' already exists, ignoring this one.
06-27 10:31:24.803: E/MediaPlayer(1244): Unable to to create media player
06-27 10:31:24.811: D/MediaPlayer(1244): create failed:
06-27 10:31:24.811: D/MediaPlayer(1244): java.io.IOException: setDataSourceFD failed.: status=0x80000000
06-27 10:31:24.811: D/MediaPlayer(1244): 	at android.media.MediaPlayer.setDataSource(Native Method)
06-27 10:31:24.811: D/MediaPlayer(1244): 	at android.media.MediaPlayer.create(MediaPlayer.java:645)
06-27 10:31:24.811: D/MediaPlayer(1244): 	at com.vzw.vvm.androidclient.ui.AudioPlayer.checkQCPPlayCapability(AudioPlayer.java:158)
06-27 10:31:24.811: D/MediaPlayer(1244): 	at com.vzw.vvm.androidclient.ui.AudioPlayer.checkQCPRecordCapability(AudioPlayer.java:116)
06-27 10:31:24.811: D/MediaPlayer(1244): 	at com.vzw.vvm.androidclient.ui.IntentLauncher.checkPreferredRecordFormat(IntentLauncher.java:480)
06-27 10:31:24.811: D/MediaPlayer(1244): 	at com.vzw.vvm.androidclient.ui.VVMBroadcastReceiver$1.run(VVMBroadcastReceiver.java:171)
06-27 10:31:24.811: D/MediaPlayer(1244): 	at android.os.Handler.handleCallback(Handler.java:587)
06-27 10:31:24.811: D/MediaPlayer(1244): 	at android.os.Handler.dispatchMessage(Handler.java:92)
06-27 10:31:24.811: D/MediaPlayer(1244): 	at android.os.Looper.loop(Looper.java:123)
06-27 10:31:24.811: D/MediaPlayer(1244): 	at android.app.ActivityThread.main(ActivityThread.java:4627)
06-27 10:31:24.811: D/MediaPlayer(1244): 	at java.lang.reflect.Method.invokeNative(Native Method)
06-27 10:31:24.811: D/MediaPlayer(1244): 	at java.lang.reflect.Method.invoke(Method.java:521)
06-27 10:31:24.811: D/MediaPlayer(1244): 	at com.android.internal.os.ZygoteInit$MethodAndArgsCaller.run(ZygoteInit.java:858)
06-27 10:31:24.811: D/MediaPlayer(1244): 	at com.android.internal.os.ZygoteInit.main(ZygoteInit.java:616)
06-27 10:31:24.811: D/MediaPlayer(1244): 	at dalvik.system.NativeStart.main(Native Method)
06-27 10:31:24.819: E/MediaPlayer(1244): Unable to to create media player
06-27 10:31:24.827: D/MediaPlayer(1244): create failed:
06-27 10:31:24.827: D/MediaPlayer(1244): java.io.IOException: setDataSourceFD failed.: status=0x80000000
06-27 10:31:24.827: D/MediaPlayer(1244): 	at android.media.MediaPlayer.setDataSource(Native Method)
06-27 10:31:24.827: D/MediaPlayer(1244): 	at android.media.MediaPlayer.create(MediaPlayer.java:645)
06-27 10:31:24.827: D/MediaPlayer(1244): 	at com.vzw.vvm.androidclient.ui.AudioPlayer.checkQCPPlayCapability(AudioPlayer.java:158)
06-27 10:31:24.827: D/MediaPlayer(1244): 	at com.vzw.vvm.androidclient.ui.IntentLauncher.checkPreferredAudioFormat(IntentLauncher.java:461)
06-27 10:31:24.827: D/MediaPlayer(1244): 	at com.vzw.vvm.androidclient.ui.VVMBroadcastReceiver$1.run(VVMBroadcastReceiver.java:172)
06-27 10:31:24.827: D/MediaPlayer(1244): 	at android.os.Handler.handleCallback(Handler.java:587)
06-27 10:31:24.827: D/MediaPlayer(1244): 	at android.os.Handler.dispatchMessage(Handler.java:92)
06-27 10:31:24.827: D/MediaPlayer(1244): 	at android.os.Looper.loop(Looper.java:123)
06-27 10:31:24.827: D/MediaPlayer(1244): 	at android.app.ActivityThread.main(ActivityThread.java:4627)
06-27 10:31:24.827: D/MediaPlayer(1244): 	at java.lang.reflect.Method.invokeNative(Native Method)
06-27 10:31:24.827: D/MediaPlayer(1244): 	at java.lang.reflect.Method.invoke(Method.java:521)
06-27 10:31:24.827: D/MediaPlayer(1244): 	at com.android.internal.os.ZygoteInit$MethodAndArgsCaller.run(ZygoteInit.java:858)
06-27 10:31:24.827: D/MediaPlayer(1244): 	at com.android.internal.os.ZygoteInit.main(ZygoteInit.java:616)
06-27 10:31:24.827: D/MediaPlayer(1244): 	at dalvik.system.NativeStart.main(Native Method)
06-27 10:31:24.897: D/MediaScannerService(1258): start scanning volume external
06-27 10:31:24.944: V/MediaProvider(1258): /mnt/sdcard volume ID: 808740454
06-27 10:31:24.991: D/Genie(1328): Request failed at, 10:31am, June 27 next auto-refresh time =10800000
06-27 10:31:25.124: D/Genie(1328): Commited FileCache, deleted 0 obselete files and kept 44 files.
06-27 10:31:25.139: I/ActivityManager(1096): No longer want com.android.mms (pid 1371): hidden #16
06-27 10:31:25.178: V/MediaProvider(1258): Attached volume: external
06-27 10:31:25.374: D/(1258): found .nomedia, skipping directory
06-27 10:31:25.514: D/MediaScanner(1258):  prescan time: 40ms
06-27 10:31:25.514: D/MediaScanner(1258):     scan time: 295ms
06-27 10:31:25.514: D/MediaScanner(1258): postscan time: 2ms
06-27 10:31:25.514: D/MediaScanner(1258):    total time: 337ms
06-27 10:31:25.530: I/BootReceiver(1451): Got intent with action android.intent.action.MEDIA_SCANNER_FINISHED
06-27 10:31:25.538: D/MediaScannerService(1258): done scanning volume external
06-27 10:31:25.546: I/ActivityManager(1096): No longer want com.google.android.deskclock (pid 1314): hidden #16
06-27 10:31:26.397: I/wpa_supplicant(1160): WPS-AP-AVAILABLE 
06-27 10:31:26.397: V/WifiMonitor(1096): Event [WPS-AP-AVAILABLE ]
06-27 10:31:42.639: I/wpa_supplicant(1160): WPS-AP-AVAILABLE 
06-27 10:31:42.639: V/WifiMonitor(1096): Event [WPS-AP-AVAILABLE ]
06-27 10:31:58.883: I/wpa_supplicant(1160): WPS-AP-AVAILABLE 
06-27 10:31:58.883: V/WifiMonitor(1096): Event [WPS-AP-AVAILABLE ]
06-27 10:32:07.917: W/ActivityManager(1096): Unable to start service Intent { act=com.motorola.motosync.service.intent.action.CHECK_PING flg=0x4 cmp=com.motorola.motosync/.service.EasService (has extras) }: not found
06-27 10:32:15.116: I/wpa_supplicant(1160): WPS-AP-AVAILABLE 
06-27 10:32:15.116: V/WifiMonitor(1096): Event [WPS-AP-AVAILABLE ]
06-27 10:32:24.860: D/Genie(1328): Can not get the location from network
06-27 10:32:25.108: I/ActivityManager(1096): Start proc com.android.settings for broadcast com.android.settings/.widget.SettingsAppWidgetProvider: pid=1470 uid=1000 gids={3003, 3002, 3001}
06-27 10:32:25.108: I/ActivityManager(1096): Starting activity: Intent { act=android.intent.action.MAIN cat=[android.intent.category.HOME] flg=0x10200000 cmp=com.android.launcher/com.android.launcher2.Launcher }
06-27 10:32:25.139: D/PhoneWindow(1177): couldn't save which view has focus because the focused view android.widget.ScrollView@44753980 has no id.
06-27 10:32:25.186: D/KeyguardViewMediator(1096): pokeWakelock(5000)
06-27 10:32:25.186: D/StatusBar(1096): DISABLE_EXPAND: yes
06-27 10:32:25.397: D/dalvikvm(1012): GC_EXPLICIT freed 291 objects / 11024 bytes in 259ms
06-27 10:32:25.577: D/dalvikvm(1012): GC_EXPLICIT freed 52 objects / 2312 bytes in 170ms
06-27 10:32:25.592: I/ActivityManager(1096): No longer want com.google.android.partnersetup (pid 1296): hidden #16
06-27 10:32:25.624: D/dalvikvm(1012): GC_EXPLICIT freed 2 objects / 48 bytes in 44ms
06-27 10:32:26.413: D/KeyguardViewMediator(1096): pokeWakelock(5000)
06-27 10:32:26.624: D/KeyguardViewMediator(1096): pokeWakelock(5000)
06-27 10:32:26.694: W/InputManagerService(1096): Starting input on non-focused client com.android.internal.view.IInputMethodClient$Stub$Proxy@44852740 (uid=1001 pid=1177)
06-27 10:32:28.405: D/dalvikvm(1179): GC_EXTERNAL_ALLOC freed 2489 objects / 115736 bytes in 43ms
06-27 10:32:28.514: I/ActivityManager(1096): Start proc com.google.android.voicesearch for broadcast com.google.android.voicesearch/.logging.LoggingReceiver: pid=1476 uid=10004 gids={3003}
06-27 10:32:28.608: I/ActivityThread(1476): Publishing provider com.google.android.voicesearch.VoiceSearchResultProvider: com.google.android.voicesearch.VoiceSearchResultProvider
06-27 10:32:28.717: I/ActivityManager(1096): No longer want com.vzw.vvm.androidclient (pid 1244): hidden #16
06-27 10:32:29.921: I/ActivityManager(1096): Starting activity: Intent { act=android.intent.action.MAIN cat=[android.intent.category.LAUNCHER] flg=0x10200000 cmp=org.tomshiro.ada/.AdaMain }
06-27 10:32:30.014: I/ActivityManager(1096): Start proc org.tomshiro.ada for activity org.tomshiro.ada/.AdaMain: pid=1487 uid=10056 gids={}
06-27 10:32:31.358: I/wpa_supplicant(1160): WPS-AP-AVAILABLE 
06-27 10:32:31.366: V/WifiMonitor(1096): Event [WPS-AP-AVAILABLE ]
06-27 10:32:31.366: I/dalvikvm(1096): Jit: resizing JitTable from 8192 to 16384
06-27 10:32:31.546: I/ActivityManager(1096): Starting activity: Intent { cmp=org.tomshiro.ada/.InputActivity }
06-27 10:32:31.671: D/AdaDB(1487): Created
06-27 10:32:31.671: D/InputActivity(1487): loadSpinner
06-27 10:32:31.671: D/AdaDB(1487): runListQuery
06-27 10:32:31.694: D/InputActivity(1487): loadSpinner
06-27 10:32:31.694: D/AdaDB(1487): runListQuery
06-27 10:32:31.717: D/AdaDB(1487): runListQuery
06-27 10:32:31.733: D/AdaDB(1487): runListQuery
06-27 10:32:32.233: I/ActivityManager(1096): Displayed activity org.tomshiro.ada/.InputActivity: 655 ms (total 72095 ms)
06-27 10:32:33.858: D/SntpClient(1096): request time failed: java.net.UnknownHostException: north-america.pool.ntp.org
06-27 10:32:33.905: D/SntpClient(1096): request time failed: java.net.UnknownHostException: north-america.pool.ntp.org
06-27 10:32:33.905: D/SntpClient(1096): request time failed: java.net.UnknownHostException: north-america.pool.ntp.org
06-27 10:32:35.796: I/WindowManager(1096): Setting rotation to 1, animFlags=0
06-27 10:32:35.819: I/ActivityManager(1096): Config changed: { scale=1.0 imsi=310/4 loc=en_US touch=3 keys=2/1/2 nav=2/2 orien=2 layout=34 uiMode=17 seq=4}
06-27 10:32:35.866: I/UsageStats(1096): Unexpected resume of org.tomshiro.ada while already resumed in org.tomshiro.ada
06-27 10:32:35.874: D/PhoneWindow(1487): couldn't save which view has focus because the focused view android.widget.AutoCompleteTextView@4474e8e0 has no id.
06-27 10:32:36.046: D/AdaDB(1487): Created
06-27 10:32:36.046: D/InputActivity(1487): loadSpinner
06-27 10:32:36.046: D/AdaDB(1487): runListQuery
06-27 10:32:36.085: D/InputActivity(1487): loadSpinner
06-27 10:32:36.085: D/AdaDB(1487): runListQuery
06-27 10:32:36.116: D/AdaDB(1487): runListQuery
06-27 10:32:36.147: D/AdaDB(1487): runListQuery
06-27 10:32:36.186: D/dalvikvm(1096): GC_EXTERNAL_ALLOC freed 17310 objects / 879136 bytes in 163ms
06-27 10:32:36.452: D/dalvikvm(1487): GC_FOR_MALLOC freed 4800 objects / 250632 bytes in 132ms
06-27 10:32:38.757: D/dalvikvm(1096): GC_EXPLICIT freed 3009 objects / 146376 bytes in 98ms
06-27 10:32:41.827: D/dalvikvm(1179): GC_EXPLICIT freed 801 objects / 32456 bytes in 153ms
06-27 10:32:47.600: I/wpa_supplicant(1160): WPS-AP-AVAILABLE 
06-27 10:32:47.600: V/WifiMonitor(1096): Event [WPS-AP-AVAILABLE ]
06-27 10:32:50.421: I/WindowManager(1096): Setting rotation to 0, animFlags=0
06-27 10:32:50.421: I/ActivityManager(1096): Config changed: { scale=1.0 imsi=310/4 loc=en_US touch=3 keys=2/1/2 nav=2/2 orien=1 layout=34 uiMode=17 seq=5}
06-27 10:32:50.467: D/PhoneWindow(1487): couldn't save which view has focus because the focused view android.widget.AutoCompleteTextView@447753e8 has no id.
06-27 10:32:50.467: I/UsageStats(1096): Unexpected resume of org.tomshiro.ada while already resumed in org.tomshiro.ada
06-27 10:32:50.639: D/AdaDB(1487): Created
06-27 10:32:50.639: D/InputActivity(1487): loadSpinner
06-27 10:32:50.639: D/AdaDB(1487): runListQuery
06-27 10:32:50.671: D/InputActivity(1487): loadSpinner
06-27 10:32:50.671: D/AdaDB(1487): runListQuery
06-27 10:32:50.702: D/AdaDB(1487): runListQuery
06-27 10:32:50.741: D/AdaDB(1487): runListQuery
06-27 10:32:53.061: D/dalvikvm(1096): GC_EXPLICIT freed 897 objects / 50064 bytes in 93ms
06-27 10:33:03.843: I/wpa_supplicant(1160): WPS-AP-AVAILABLE 
06-27 10:33:03.843: V/WifiMonitor(1096): Event [WPS-AP-AVAILABLE ]
06-27 10:33:10.725: D/dalvikvm(1214): GC_EXPLICIT freed 2881 objects / 232416 bytes in 76ms
06-27 10:33:20.085: I/wpa_supplicant(1160): WPS-AP-AVAILABLE 
06-27 10:33:20.085: V/WifiMonitor(1096): Event [WPS-AP-AVAILABLE ]
06-27 10:33:36.327: I/wpa_supplicant(1160): WPS-AP-AVAILABLE 
06-27 10:33:36.327: V/WifiMonitor(1096): Event [WPS-AP-AVAILABLE ]
06-27 10:33:46.671: I/dalvikvm(1096): Total arena pages for JIT: 11
06-27 10:33:51.405: D/dalvikvm(1441): Debugger has detached; object registry had 1 entries
06-27 10:33:51.405: D/dalvikvm(1487): Debugger has detached; object registry had 1 entries
06-27 10:33:52.571: I/wpa_supplicant(1160): WPS-AP-AVAILABLE 
06-27 10:33:52.571: V/WifiMonitor(1096): Event [WPS-AP-AVAILABLE ]
06-27 10:34:08.811: I/wpa_supplicant(1160): WPS-AP-AVAILABLE 
06-27 10:34:08.811: V/WifiMonitor(1096): Event [WPS-AP-AVAILABLE ]
06-27 10:34:12.444: I/ActivityManager(1096): Starting activity: Intent { act=android.intent.action.MAIN cat=[android.intent.category.HOME] flg=0x10200000 cmp=com.android.launcher/com.android.launcher2.Launcher }
06-27 10:34:12.452: D/PhoneWindow(1487): couldn't save which view has focus because the focused view android.widget.AutoCompleteTextView@447454b0 has no id.
06-27 10:34:12.475: W/InputManagerService(1096): Ignoring hideSoftInput of: com.android.internal.view.IInputMethodClient$Stub$Proxy@448eb788
06-27 10:34:12.632: W/IInputConnectionWrapper(1487): showStatusIcon on inactive InputConnection
06-27 10:34:12.694: I/ActivityManager(1096): No longer want com.android.providers.calendar (pid 1397): hidden #16
06-27 10:34:22.444: D/dalvikvm(1470): GC_EXPLICIT freed 1209 objects / 81376 bytes in 76ms
06-27 10:34:25.054: I/wpa_supplicant(1160): WPS-AP-AVAILABLE 
06-27 10:34:25.054: V/WifiMonitor(1096): Event [WPS-AP-AVAILABLE ]
06-27 10:34:32.663: D/dalvikvm(1487): GC_EXPLICIT freed 4876 objects / 244960 bytes in 66ms
06-27 10:34:41.298: I/wpa_supplicant(1160): WPS-AP-AVAILABLE 
06-27 10:34:41.298: V/WifiMonitor(1096): Event [WPS-AP-AVAILABLE ]
06-27 10:34:57.538: I/wpa_supplicant(1160): WPS-AP-AVAILABLE 
06-27 10:34:57.553: V/WifiMonitor(1096): Event [WPS-AP-AVAILABLE ]
06-27 10:35:13.786: I/wpa_supplicant(1160): WPS-AP-AVAILABLE 
06-27 10:35:13.788: V/WifiMonitor(1096): Event [WPS-AP-AVAILABLE ]
06-27 10:35:30.032: I/wpa_supplicant(1160): WPS-AP-AVAILABLE 
06-27 10:35:30.032: V/WifiMonitor(1096): Event [WPS-AP-AVAILABLE ]
06-27 10:35:46.276: I/wpa_supplicant(1160): WPS-AP-AVAILABLE 
06-27 10:35:46.280: V/WifiMonitor(1096): Event [WPS-AP-AVAILABLE ]
06-27 10:35:57.483: I/ActivityManager(1096): Starting activity: Intent { act=android.intent.action.MAIN cat=[android.intent.category.LAUNCHER] flg=0x10200000 cmp=org.tomshiro.ada/.AdaMain }
06-27 10:36:02.522: I/wpa_supplicant(1160): WPS-AP-AVAILABLE 
06-27 10:36:02.522: V/WifiMonitor(1096): Event [WPS-AP-AVAILABLE ]
06-27 10:36:09.936: D/dalvikvm(1476): GC_EXPLICIT freed 1445 objects / 102784 bytes in 71ms
06-27 10:36:12.147: I/WindowManager(1096): Setting rotation to 1, animFlags=0
06-27 10:36:12.171: I/ActivityManager(1096): Config changed: { scale=1.0 imsi=310/4 loc=en_US touch=3 keys=2/1/2 nav=2/2 orien=2 layout=34 uiMode=17 seq=6}
06-27 10:36:12.217: I/UsageStats(1096): Unexpected resume of org.tomshiro.ada while already resumed in org.tomshiro.ada
06-27 10:36:12.241: D/PhoneWindow(1487): couldn't save which view has focus because the focused view android.widget.AutoCompleteTextView@447454b0 has no id.
06-27 10:36:12.366: D/AdaDB(1487): Created
06-27 10:36:12.366: D/InputActivity(1487): loadSpinner
06-27 10:36:12.366: D/AdaDB(1487): runListQuery
06-27 10:36:12.397: D/InputActivity(1487): loadSpinner
06-27 10:36:12.405: D/AdaDB(1487): runListQuery
06-27 10:36:12.436: D/AdaDB(1487): runListQuery
06-27 10:36:12.475: D/AdaDB(1487): runListQuery
06-27 10:36:14.819: D/dalvikvm(1096): GC_EXPLICIT freed 8865 objects / 386640 bytes in 105ms
06-27 10:36:15.296: D/InputActivity(1487): isFirstTouch
06-27 10:36:15.296: D/InputActivity(1487): isFirstTouch: retVal=true
06-27 10:36:15.296: D/AdaDB(1487): find_fencer
06-27 10:36:15.319: D/AdaDB(1487): find_fencer
06-27 10:36:15.335: D/AdaDB(1487): createBout
06-27 10:36:15.350: D/AdaDB(1487): createBout RetVal:14
06-27 10:36:15.350: D/InputActivity(1487): which_scored
06-27 10:36:18.764: I/wpa_supplicant(1160): WPS-AP-AVAILABLE 
06-27 10:36:18.764: V/WifiMonitor(1096): Event [WPS-AP-AVAILABLE ]
06-27 10:36:19.757: W/KeyCharacterMap(1487): Can't open keycharmap file
06-27 10:36:19.757: W/KeyCharacterMap(1487): Error loading keycharmap file '/system/usr/keychars/qtouch-touchscreen.kcm.bin'. hw.keyboards.65538.devname='qtouch-touchscreen'
06-27 10:36:19.757: W/KeyCharacterMap(1487): Using default keymap: /system/usr/keychars/qwerty.kcm.bin
06-27 10:36:19.866: W/InputManagerService(1096): Window already focused, ignoring focus gain of: com.android.internal.view.IInputMethodClient$Stub$Proxy@44914ec8
06-27 10:36:28.014: I/dalvikvm(1487): Jit: resizing JitTable from 4096 to 8192
06-27 10:36:29.764: W/InputManagerService(1096): Window already focused, ignoring focus gain of: com.android.internal.view.IInputMethodClient$Stub$Proxy@44794a28
06-27 10:36:30.858: D/dalvikvm(1487): GC_FOR_MALLOC freed 8815 objects / 455304 bytes in 51ms
06-27 10:36:30.921: E/Cursor(1487): Finalizing a Cursor that has not been deactivated or closed. database = /data/data/org.tomshiro.ada/databases/ada.db, table = null, query = select _id from Bout where lfencerfk = (select _id from Fencer where fencername = ?) and rfencerfk =
06-27 10:36:30.921: E/Cursor(1487): android.database.sqlite.DatabaseObjectNotClosedException: Application did not close the cursor or database object that was opened here
06-27 10:36:30.921: E/Cursor(1487): 	at android.database.sqlite.SQLiteCursor.<init>(SQLiteCursor.java:210)
06-27 10:36:30.921: E/Cursor(1487): 	at android.database.sqlite.SQLiteDirectCursorDriver.query(SQLiteDirectCursorDriver.java:53)
06-27 10:36:30.921: E/Cursor(1487): 	at android.database.sqlite.SQLiteDatabase.rawQueryWithFactory(SQLiteDatabase.java:1345)
06-27 10:36:30.921: E/Cursor(1487): 	at android.database.sqlite.SQLiteDatabase.rawQuery(SQLiteDatabase.java:1315)
06-27 10:36:30.921: E/Cursor(1487): 	at org.tomshiro.ada.AdaDB.createBout(AdaDB.java:59)
06-27 10:36:30.921: E/Cursor(1487): 	at org.tomshiro.ada.InputActivity.createBout(InputActivity.java:128)
06-27 10:36:30.921: E/Cursor(1487): 	at org.tomshiro.ada.InputActivity.onCommitClick(InputActivity.java:201)
06-27 10:36:30.921: E/Cursor(1487): 	at java.lang.reflect.Method.invokeNative(Native Method)
06-27 10:36:30.921: E/Cursor(1487): 	at java.lang.reflect.Method.invoke(Method.java:521)
06-27 10:36:30.921: E/Cursor(1487): 	at android.view.View$1.onClick(View.java:2067)
06-27 10:36:30.921: E/Cursor(1487): 	at android.view.View.performClick(View.java:2408)
06-27 10:36:30.921: E/Cursor(1487): 	at android.view.View$PerformClick.run(View.java:8816)
06-27 10:36:30.921: E/Cursor(1487): 	at android.os.Handler.handleCallback(Handler.java:587)
06-27 10:36:30.921: E/Cursor(1487): 	at android.os.Handler.dispatchMessage(Handler.java:92)
06-27 10:36:30.921: E/Cursor(1487): 	at android.os.Looper.loop(Looper.java:123)
06-27 10:36:30.921: E/Cursor(1487): 	at android.app.ActivityThread.main(ActivityThread.java:4627)
06-27 10:36:30.921: E/Cursor(1487): 	at java.lang.reflect.Method.invokeNative(Native Method)
06-27 10:36:30.921: E/Cursor(1487): 	at java.lang.reflect.Method.invoke(Method.java:521)
06-27 10:36:30.921: E/Cursor(1487): 	at com.android.internal.os.ZygoteInit$MethodAndArgsCaller.run(ZygoteInit.java:858)
06-27 10:36:30.921: E/Cursor(1487): 	at com.android.internal.os.ZygoteInit.main(ZygoteInit.java:616)
06-27 10:36:30.921: E/Cursor(1487): 	at dalvik.system.NativeStart.main(Native Method)
06-27 10:36:32.514: W/InputManagerService(1096): Window already focused, ignoring focus gain of: com.android.internal.view.IInputMethodClient$Stub$Proxy@44955f10
06-27 10:36:34.975: D/InputActivity(1487): isFirstTouch
06-27 10:36:34.975: D/InputActivity(1487): isFirstTouch: retVal=true
06-27 10:36:34.975: D/AdaDB(1487): find_fencer
06-27 10:36:34.991: D/AdaDB(1487): find_fencer
06-27 10:36:35.007: I/wpa_supplicant(1160): WPS-AP-AVAILABLE 
06-27 10:36:35.007: V/WifiMonitor(1096): Event [WPS-AP-AVAILABLE ]
06-27 10:36:35.022: D/AdaDB(1487): createBout
06-27 10:36:35.038: D/AdaDB(1487): createBout RetVal:15
06-27 10:36:35.038: D/InputActivity(1487): which_scored
06-27 10:36:35.038: D/InputActivity(1487): insert_touches
06-27 10:36:35.046: D/InputActivity(1487):  lTouchScored:true rTouchScored:false lTouchActionSeq:1 rTouchActionSeq:2 touch_sequence:1
06-27 10:36:35.046: D/AdaDB(1487): add_touch
06-27 10:36:38.968: I/WindowManager(1096): Setting rotation to 0, animFlags=0
06-27 10:36:38.975: I/ActivityManager(1096): Config changed: { scale=1.0 imsi=310/4 loc=en_US touch=3 keys=2/1/2 nav=2/2 orien=1 layout=34 uiMode=17 seq=7}
06-27 10:36:39.014: D/PhoneWindow(1487): couldn't save which view has focus because the focused view android.widget.AutoCompleteTextView@44714fb0 has no id.
06-27 10:36:39.014: I/UsageStats(1096): Unexpected resume of org.tomshiro.ada while already resumed in org.tomshiro.ada
06-27 10:36:39.186: D/AdaDB(1487): Created
06-27 10:36:39.186: D/InputActivity(1487): loadSpinner
06-27 10:36:39.186: D/AdaDB(1487): runListQuery
06-27 10:36:39.217: D/InputActivity(1487): loadSpinner
06-27 10:36:39.217: D/AdaDB(1487): runListQuery
06-27 10:36:39.257: D/AdaDB(1487): runListQuery
06-27 10:36:39.288: D/AdaDB(1487): runListQuery
06-27 10:36:41.585: D/dalvikvm(1096): GC_EXPLICIT freed 3439 objects / 192800 bytes in 95ms
06-27 10:36:44.553: D/dalvikvm(1179): GC_EXPLICIT freed 1363 objects / 77384 bytes in 64ms
06-27 10:36:50.889: D/dalvikvm(1214): GC_EXPLICIT freed 1429 objects / 72496 bytes in 67ms
06-27 10:36:51.249: I/wpa_supplicant(1160): WPS-AP-AVAILABLE 
06-27 10:36:51.249: V/WifiMonitor(1096): Event [WPS-AP-AVAILABLE ]
06-27 10:37:07.491: I/wpa_supplicant(1160): WPS-AP-AVAILABLE 
06-27 10:37:07.491: V/WifiMonitor(1096): Event [WPS-AP-AVAILABLE ]
06-27 10:37:23.733: I/wpa_supplicant(1160): WPS-AP-AVAILABLE 
06-27 10:37:23.733: V/WifiMonitor(1096): Event [WPS-AP-AVAILABLE ]
06-27 10:37:39.976: I/wpa_supplicant(1160): WPS-AP-AVAILABLE 
06-27 10:37:39.976: V/WifiMonitor(1096): Event [WPS-AP-AVAILABLE ]
